31 32 24 23 21 4 3 2
30 25 33 20 22 5 38 1
26 29 19 34 6 37 39 40
28 27 18 7 35 36 41 42
16 17 8 58 57 55 44 43
15 9 10 59 54 56 46 45
14 11 60 61 53 52 50 47
12 13 64 63 62 51 49 48