7 6 4 3 1 43 44 45
8 9 5 30 2 42 48 46
10 14 12 29 31 49 41 47
15 11 13 28 32 50 38 40
17 16 27 26 33 51 37 39
18 24 25 34 35 36 52 64
23 19 20 58 57 56 63 53
22 21 59 60 61 62 55 54