1 3 4 34 33 32 92 30 29 28
2 58 35 5 7 91 31 93 94 27
57 36 59 6 90 8 23 24 26 95
37 56 60 89 9 22 85 100 25 96
55 38 61 10 88 86 21 84 99 97
54 39 62 63 11 87 73 20 83 98
53 40 64 65 12 72 19 74 80 82
52 46 41 66 71 13 18 79 75 81
47 51 45 42 67 70 14 17 78 76
48 49 50 44 43 68 69 15 16 77