30 31 40 42 43 48 47 61 62
29 39 32 41 44 46 49 63 60
28 37 38 33 45 50 64 58 59
27 26 36 35 34 65 51 52 57
25 24 75 71 69 68 66 56 53
23 74 72 76 70 67 3 55 54
20 22 73 77 79 80 2 4 5
21 19 16 14 78 1 81 6 7
18 17 15 13 12 11 10 9 8