11 12 6 7 2 1
13 10 8 5 3 31
14 9 35 4 32 30
15 36 20 34 33 29
16 19 21 24 28 26
17 18 22 23 25 27