4 3 1 33 34 44 43
5 29 2 35 32 45 42
6 28 30 31 36 46 41
27 7 24 23 37 47 40
26 25 8 22 48 38 39
11 9 14 49 21 17 18
10 12 13 15 16 20 19