45 30 29 28 27 14 13
46 44 31 26 25 12 15
47 32 43 24 11 17 16
48 33 42 22 23 10 18
34 49 41 21 9 19 7
36 35 1 40 20 8 6
37 38 39 2 3 4 5