17 16 19 32 31 29 28
15 18 33 20 30 26 27
14 34 35 36 21 23 25
1 13 3 37 22 48 24
12 2 4 38 40 47 49
9 11 5 39 41 46 45
10 8 7 6 42 43 44