33 32 30 29 26 27
35 34 31 25 28 11
36 1 23 24 12 10
2 21 22 7 9 13
3 20 6 8 14 16
4 5 19 18 17 15