9 10 7 6 3 2
11 8 5 4 32 1
12 35 34 33 30 31
13 14 36 27 28 29
15 18 21 22 26 25
17 16 19 20 23 24