35 36 38 39 41 43 44 45 48
31 34 37 40 57 42 46 47 49
30 32 33 56 55 58 52 51 50
28 29 77 78 54 53 59 10 9
27 76 80 79 67 60 62 8 11
26 75 81 66 68 63 61 7 12
24 25 74 65 64 69 6 15 13
23 73 72 19 70 17 16 5 14
22 21 20 71 18 1 2 3 4