72 70 68 67 66 62 61 39 38 35
71 73 69 65 63 60 40 37 36 34
10 8 74 64 59 58 41 29 33 31
9 11 7 75 57 56 28 42 30 32
12 6 78 76 55 27 43 52 51 49
5 13 77 79 26 54 53 44 48 50
4 14 23 25 80 97 96 93 45 47
3 15 24 22 98 81 92 95 94 46
16 2 19 21 99 82 85 91 87 89
1 17 18 20 100 83 84 86 90 88