62 64 27 25 23 20 21 18
63 61 26 28 24 22 19 17
60 58 47 48 29 30 15 16
59 57 46 49 33 32 31 14
56 44 45 50 36 34 12 13
43 55 53 51 37 35 10 11
42 54 52 38 3 9 5 7
41 40 39 2 1 4 8 6