1 54 53 74 75 76 94 93 98 97
2 52 55 73 77 78 92 95 96 99
51 3 4 56 72 79 90 91 100 87
50 33 5 35 57 71 80 89 88 86
32 49 34 6 36 58 70 81 83 85
31 29 48 37 7 16 59 69 82 84
30 47 28 38 17 8 15 60 68 67
46 41 39 27 19 18 9 14 61 66
45 42 40 26 21 20 13 10 62 65
43 44 25 24 23 22 11 12 64 63