45 44 43 29 28 25 26 23 22
46 42 32 31 30 27 24 21 14
47 41 33 34 35 19 20 15 13
48 40 53 38 18 36 16 12 6
49 52 39 54 37 17 11 5 7
50 51 81 78 55 1 4 10 8
72 74 79 80 77 56 2 3 9
73 71 75 76 57 58 64 63 62
70 69 68 67 66 65 59 60 61