17 24 25 26 31 32 33
16 18 23 27 30 34 35
15 14 19 22 28 29 36
3 2 13 20 21 38 37
4 12 1 49 48 47 39
5 6 11 10 45 46 40
7 8 9 44 43 42 41