55 54 53 51 50 49 1 3
64 56 58 52 47 48 4 2
63 57 59 46 44 5 6 8
62 60 34 45 43 42 9 7
26 61 33 35 37 38 41 10
27 25 32 21 36 40 39 11
28 24 31 22 20 16 15 12
29 30 23 19 18 17 13 14