100 98 95 94 93 40 36 35 33 32
99 97 96 92 90 39 41 37 34 31
54 55 47 46 91 89 38 42 30 1
56 53 52 48 45 88 43 29 4 2
57 59 49 51 87 44 28 5 6 3
58 60 50 72 86 27 26 10 8 7
62 61 71 73 85 75 25 9 11 13
63 69 70 84 74 76 24 23 14 12
68 64 83 82 81 77 20 22 17 15
67 66 65 80 79 78 21 19 18 16