7 8 9 44 45 49 48
6 4 10 11 43 46 47
5 3 12 42 41 40 39
2 26 13 14 15 16 38
25 1 27 18 17 36 37
24 21 28 19 31 32 35
22 23 20 29 30 34 33