33 35 36 41 42 43 45 46
32 34 38 37 40 44 47 48
31 30 28 39 22 21 49 50
26 27 29 23 20 54 52 51
16 25 24 19 8 53 55 59
15 17 18 9 7 56 60 58
13 14 10 6 1 61 57 63
12 11 5 4 3 2 62 64