18 19 20 27 26 25 24 31 33
15 17 13 21 28 23 30 34 32
16 14 11 12 22 29 35 36 37
46 8 9 10 42 41 40 39 38
47 45 7 43 5 70 3 72 1
59 48 44 6 69 4 71 2 73
60 58 49 50 67 68 79 80 74
61 64 57 66 51 54 81 78 75
63 62 65 56 55 52 53 76 77