21 20 19 3 5 6
22 18 2 16 4 7
23 1 17 35 15 8
24 25 34 14 36 9
26 29 30 33 13 10
27 28 31 32 12 11