10 11 12 13 17 15
9 8 7 18 14 16
35 36 19 6 5 4
34 33 26 20 21 3
32 27 28 25 22 2
31 30 29 24 23 1