28 26 25 24 23 22 10 11
27 29 30 31 20 21 12 9
39 35 34 32 19 6 8 13
40 38 36 33 18 7 5 14
51 41 37 43 17 60 15 4
52 50 42 44 59 16 61 3
55 53 49 58 45 64 2 62
54 56 57 48 47 46 63 1