28 29 5 4 3 1
25 27 30 6 9 2
26 24 31 8 7 10
23 21 20 32 11 13
22 34 33 19 14 12
35 36 18 17 16 15