25 26 27 28 36 35
23 24 29 33 34 1
22 21 30 31 32 2
20 19 12 11 10 3
18 14 13 9 6 4
17 16 15 8 7 5