4 3 33 34 27 26
2 5 35 32 25 28
6 1 36 24 31 29
7 15 16 22 23 30
8 11 14 17 21 19
10 9 12 13 18 20