34 35 36 49 38 39 40
33 30 29 37 48 43 41
31 32 27 28 47 44 42
22 24 1 26 46 45 8
23 21 25 2 3 9 7
18 20 16 4 13 6 10
19 17 15 14 5 12 11