11 9 8 6 2 3
12 10 7 1 5 4
13 14 28 29 30 31
15 21 27 23 32 33
16 20 22 26 24 34
17 18 19 25 36 35