12 14 10 27 28 29 6 3 4 1
13 11 15 9 26 7 30 5 2 58
19 16 17 25 8 35 32 31 59 57
20 18 24 64 34 33 36 60 56 54
21 23 65 80 63 62 61 37 55 53
22 66 81 79 89 90 91 38 52 51
69 82 67 88 78 92 39 100 50 48
70 68 83 77 87 40 93 99 47 49
71 84 74 86 76 94 41 98 43 46
72 73 85 75 95 96 97 42 45 44