34 35 25 24 14 13
36 33 23 26 15 12
32 31 22 27 16 11
30 29 28 21 10 17
1 4 20 19 18 9
3 2 5 6 7 8