11 13 9 8 6 22 23 1
12 10 14 7 21 5 2 24
17 15 19 20 4 3 26 25
16 18 50 61 48 47 28 27
53 51 60 49 62 46 36 29
52 54 59 63 45 37 35 30
55 58 64 44 41 38 34 31
57 56 43 42 39 40 33 32