16 17 18 30 32 33
15 19 29 27 31 34
14 20 28 25 26 35
21 13 1 24 3 36
12 22 23 2 7 4
11 10 9 8 6 5