3 5 7 9 10 11
4 2 6 8 13 12
30 1 32 33 15 14
29 31 34 35 16 17
28 24 23 36 21 18
27 26 25 22 20 19