5 7 3 9 1 14 15 17
6 4 8 2 10 13 18 16
56 57 58 11 12 19 62 63
55 54 53 59 33 61 20 64
50 52 44 34 60 32 22 21
51 49 45 43 35 31 24 23
48 46 42 37 36 30 26 25
47 41 40 39 38 29 28 27