53 54 56 58 63 62 12 11
52 55 57 59 61 64 10 13
51 47 49 60 7 9 15 14
46 50 48 6 4 8 16 17
39 45 43 5 3 2 18 20
38 40 44 42 1 28 21 19
36 37 41 32 29 27 22 23
35 34 33 31 30 26 25 24