50 52 53 55 60 62 63 68 69 70
49 51 56 54 59 61 64 66 67 71
48 47 46 57 58 34 33 65 72 75
43 44 45 36 35 32 30 73 74 76
42 38 37 27 28 29 31 78 77 83
41 39 26 25 24 20 79 80 82 84
40 8 9 18 19 23 21 81 86 85
7 6 10 11 17 22 96 87 88 89
4 5 12 13 16 98 97 95 93 90
3 2 1 15 14 99 100 94 91 92