18 17 16 15 14 31 30 63
19 20 21 13 32 29 62 64
24 22 12 33 28 58 60 61
23 25 11 27 34 59 57 46
8 10 26 35 55 56 47 45
9 7 36 41 42 54 44 48
6 4 1 37 40 43 53 49
5 3 2 39 38 52 51 50