11 12 13 24 23 26
10 18 14 22 25 27
9 17 19 15 21 28
7 8 16 20 35 29
6 4 1 34 36 30
5 3 2 33 32 31