2 1 5 6 7 54 57 58
3 4 9 8 53 55 56 59
14 13 12 10 22 52 61 60
15 16 11 21 23 51 50 62
17 19 20 26 24 41 49 63
18 28 27 25 42 40 64 48
31 33 29 36 39 43 46 47
32 30 34 35 37 38 44 45