64 65 66 71 70 9 8 7 5
63 67 72 69 81 80 10 6 4
62 73 68 75 77 79 12 11 3
58 61 74 76 34 78 14 13 2
57 59 60 37 35 33 19 15 1
55 56 48 36 38 32 20 18 16
54 49 46 47 39 31 30 21 17
53 50 44 45 40 28 29 23 22
52 51 43 42 41 27 26 25 24