89 90 91 92 93 94 95 81 80 79
88 87 86 85 84 83 82 96 78 100
12 67 68 65 70 75 74 77 97 99
13 11 66 69 64 71 76 73 60 98
14 15 10 17 8 63 72 61 2 59
29 30 16 9 18 7 62 3 58 1
26 28 31 23 20 19 6 45 4 57
27 25 24 32 22 21 44 5 46 56
38 36 35 34 33 43 53 50 55 47
37 39 40 41 42 52 51 54 49 48