7 9 10 11 15 16 21 22 23
8 6 12 14 40 17 20 24 26
2 5 13 41 39 19 18 25 27
1 3 4 42 38 33 32 31 28
77 78 81 80 43 37 34 29 30
76 75 79 64 65 44 36 35 58
71 74 73 66 63 62 45 59 57
70 72 67 50 51 46 61 60 56
69 68 49 48 47 52 53 54 55