10 5 4 3 1 34
11 9 6 2 35 33
12 7 8 22 32 36
13 14 21 31 23 24
15 18 20 30 27 25
17 16 19 28 29 26