26 28 29 31 32 34
25 27 30 36 35 33
24 14 15 21 20 18
13 23 22 16 17 19
12 8 7 5 3 2
11 10 9 6 4 1