21 20 19 18 17 16 14 12
22 23 26 28 29 15 13 11
24 25 27 31 30 1 10 9
61 37 38 33 32 2 7 8
62 60 36 39 34 3 4 6
64 63 59 35 40 41 42 5
57 58 53 52 50 48 44 43
56 55 54 51 49 47 46 45