56 57 46 45 44 43 41 40 38
53 55 58 47 3 1 42 37 39
54 52 48 59 4 2 36 79 80
51 49 62 5 60 23 78 35 81
50 63 6 61 24 77 22 33 34
64 66 74 7 76 25 21 19 32
65 67 73 75 8 26 20 31 18
68 70 72 9 12 14 27 17 30
69 71 10 11 13 15 16 28 29