29 28 27 26 25 24 23 15 14 4
32 30 34 35 36 22 16 13 3 5
31 33 40 39 21 37 12 17 2 6
45 43 47 41 38 20 18 11 1 7
44 46 42 48 75 19 77 78 10 8
54 52 49 50 74 76 93 79 80 9
53 55 51 59 73 95 94 92 90 81
56 57 58 72 60 97 96 91 89 82
69 67 71 65 62 61 98 88 85 83
68 70 66 64 63 100 99 86 87 84